<?xml version="1.0" encoding="utf-8"?><test-results name="D:\workspace\projects\Bernos.FileUploader\Bernos.FileUploader.Tests\bin\Release\Bernos.FileUploader.Tests.dll" date="2014-11-23" time="16:00:55" total="4" failures="0" not-run="0"><test-suite name="D:\workspace\projects\Bernos.FileUploader\Bernos.FileUploader.Tests\bin\Release\Bernos.FileUploader.Tests.dll" success="True" time="0.932"><results><test-suite name="Bernos.FileUploader.Tests.FileUploadServiceTests" success="True" time="0.932"><results><test-case name="Bernos.FileUploader.Tests.FileUploadServiceTests.Should_Return_Error_For_Null_Stream" executed="True" success="True" time="0.922" /><test-case name="Bernos.FileUploader.Tests.FileUploadServiceTests.Should_Return_Error_If_File_Too_Large" executed="True" success="True" time="0.006" /><test-case name="Bernos.FileUploader.Tests.FileUploadServiceTests.Should_Return_Error_For_Disallowed_Content_Type" executed="True" success="True" time="0.003" /><test-case name="Bernos.FileUploader.Tests.FileUploadServiceTests.Constructor_Should_Throw_For_Invalid_Configuration" executed="True" success="True" time="0.001" /></results></test-suite></results></test-suite></test-results>